
1-Download the latest Git for Windows installer.
2-Open a Command Prompt (or Git Bash if during installation you elected not to use Git from the Windows Command Prompt).
3-Run the following commands to configure your Git username and email using the following commands.These details will be associated with any commits that you create:

$ git config --global user.name "niteshsingh25"
$ git config --global user.name       --(For check username) 
niteshsingh25

$ git config --global user.email "niteshsingh.825@gmail.com"

$ git config --global user.email           --(For check email)
niteshsingh.825@gmail.com

4- Check Git remote
$ git remote
master

5- Create Project
$ mkdir projects
$ cd projects

6- Once the above steps are completed, we will be ready to connect to a remote repository.
$ git clone https://github.com/niteshsingh25/Linux-Note.git      
Cloning into 'Linux-Note'...
remote: Enumerating objects: 3, done.
remote: Counting objects: 100% (3/3), done.
remote: Total 3 (delta 0), reused 0 (delta 0), pack-reused 0
Unpacking objects: 100% (3/3), done.

$ cd Linux-Note
$ ls -ltr
total 1
-rw-r--r-- 1 NITESH 197121 36 Dec 30 20:07 README.md

NITESH@DESKTOP-VV0PNS0 MINGW64 /f/projects/Linux-Note (master)
$ pwd
/f/projects/Linux-Note

NITESH@DESKTOP-VV0PNS0 MINGW64 /f/projects/Linux-Note (master)
$ cp /f/pikku/Linux* .

NITESH@DESKTOP-VV0PNS0 MINGW64 /f/projects/Linux-Note (master)
$ ls -ltr
total 3069
-rw-r--r-- 1 NITESH 197121      36 Dec 30 20:07  README.md
-rw-r--r-- 1 NITESH 197121  646601 Dec 30 20:10 'Linux Comman Operation cmds..pdf'
-rw-r--r-- 1 NITESH 197121  454872 Dec 30 20:10 'Linux Performance Monitoring.pdf'
-rw-r--r-- 1 NITESH 197121 2034556 Dec 30 20:10  Linux-101-Hacks.pdf


NITESH@DESKTOP-VV0PNS0 MINGW64 /f/projects/Linux-Note (master)
$ git add Linux*

NITESH@DESKTOP-VV0PNS0 MINGW64 /f/projects/Linux-Note (master)
$ git status
On branch master
Your branch is up to date with 'origin/master'.

Changes to be committed:
  (use "git restore --staged <file>..." to unstage)
        new file:   Linux Comman Operation cmds..pdf
        new file:   Linux Performance Monitoring.pdf
        new file:   Linux-101-Hacks.pdf


NITESH@DESKTOP-VV0PNS0 MINGW64 /f/projects/Linux-Note (master)
$ git commit -m "Notes_pdf"
[master 28af4fa] Notes_pdf
 3 files changed, 0 insertions(+), 0 deletions(-)
 create mode 100644 Linux Comman Operation cmds..pdf
 create mode 100644 Linux Performance Monitoring.pdf
 create mode 100644 Linux-101-Hacks.pdf

NITESH@DESKTOP-VV0PNS0 MINGW64 /f/projects/Linux-Note (master)
$ git push origin master
Enumerating objects: 6, done.
Counting objects: 100% (6/6), done.
Delta compression using up to 4 threads
Compressing objects: 100% (5/5), done.
Writing objects: 100% (5/5), 2.39 MiB | 337.00 KiB/s, done.
Total 5 (delta 0), reused 0 (delta 0)
To https://github.com/niteshsingh25/Linux-Note.git
   fb34468..28af4fa  master -> master

==========================================================================================
$git push origin master
  -It will push local machine to Github account.
  -But before push need to read/write access at Github for local machin
    >Github settings>SSH and GPG key>
   -Google for Generating new SSH key and adding it to the ssh-agent/Connecting to Githu with SSH
   $ssh-keygen -t rsa -b 4096 -C "59225077+niteshsingh25@users.noreply.github.com"
   $eval $(ssh-agent -s)
   $ssh-add ~/.ssh/id_rsa
   -Deploy new generated ssh key at Github account
   -Google Adding new ssh key to your Github account
   $cat ~/.ssh/id_rsa.pub  -Copy new ssh ket and add in >Github settings>SSH and GPG key> and give title of Local Machine
$git remote set-url master https://github.com/niteshsingh25/Linux-Note.git
  -Set URL if  remote repository not found by push cmds
$git clone URL /foldername  -It clone file as per our requirement.
===========================================================================================